// Vitest Snapshot v1, https://vitest.dev/guide/snapshot.html

exports[`Portal component tests > should render portal 1`] = `
<body>
  <div
    id="portals"
  >
    <div />
  </div>
  <div>
    <style
      data-mantine-styles="true"
    >
      :root{--mantine-color-white: #ffffff;--mantine-color-black: #171717;--mantine-font-family: Roboto;--mantine-font-family-headings: Roboto;--mantine-heading-font-weight: 500;--mantine-primary-color-filled: var(--mantine-color-green-filled);--mantine-primary-color-filled-hover: var(--mantine-color-green-filled-hover);--mantine-primary-color-light: var(--mantine-color-green-light);--mantine-primary-color-light-hover: var(--mantine-color-green-light-hover);--mantine-primary-color-light-color: var(--mantine-color-green-light-color);--mantine-spacing-xs: calc(0.5rem * var(--mantine-scale));--mantine-spacing-lg: calc(1.5rem * var(--mantine-scale));--mantine-spacing-xxs: calc(0.25rem * var(--mantine-scale));--mantine-font-size-xs: calc(0.625rem * var(--mantine-scale));--mantine-font-size-sm: calc(0.75rem * var(--mantine-scale));--mantine-font-size-md: calc(0.875rem * var(--mantine-scale));--mantine-font-size-lg: calc(1rem * var(--mantine-scale));--mantine-font-size-xl: calc(1.2rem * var(--mantine-scale));--mantine-shadow-md: md: "0px 0px 2px rgba(23, 23, 23, 0.04), 0px 4px 8px rgba(77, 77, 77, 0.16)",;--mantine-primary-color-0: var(--mantine-color-green-0);--mantine-primary-color-1: var(--mantine-color-green-1);--mantine-primary-color-2: var(--mantine-color-green-2);--mantine-primary-color-3: var(--mantine-color-green-3);--mantine-primary-color-4: var(--mantine-color-green-4);--mantine-primary-color-5: var(--mantine-color-green-5);--mantine-primary-color-6: var(--mantine-color-green-6);--mantine-primary-color-7: var(--mantine-color-green-7);--mantine-primary-color-8: var(--mantine-color-green-8);--mantine-primary-color-9: var(--mantine-color-green-9);--mantine-color-gray-0: #f5f5f5;--mantine-color-gray-1: #E6E6E6;--mantine-color-gray-2: #D9D9D9;--mantine-color-gray-3: #CCCCCC;--mantine-color-gray-4: #B3B3B3;--mantine-color-gray-5: #999999;--mantine-color-gray-6: #808080;--mantine-color-gray-7: #666666;--mantine-color-gray-8: #4D4D4D;--mantine-color-gray-9: #333333;--mantine-color-red-0: #FDF2F2;--mantine-color-red-1: #FBDDDE;--mantine-color-red-2: #F4B1B2;--mantine-color-red-3: #F0868A;--mantine-color-red-4: #EA5C61;--mantine-color-red-5: #E5393D;--mantine-color-red-6: #C12C30;--mantine-color-red-7: #962123;--mantine-color-red-8: #671719;--mantine-color-red-9: #3A0F10;--mantine-color-blue-0: #EFF5FE;--mantine-color-blue-1: #D6E6FD;--mantine-color-blue-2: #A0C5F9;--mantine-color-blue-3: #77ACF7;--mantine-color-blue-4: #468EF4;--mantine-color-blue-5: #0C6CF2;--mantine-color-blue-6: #0A53B8;--mantine-color-blue-7: #073D88;--mantine-color-blue-8: #052B5F;--mantine-color-blue-9: #031B3D;--mantine-color-green-0: #F0F9F6;--mantine-color-green-1: #D8F1E2;--mantine-color-green-2: #A1DDBA;--mantine-color-green-3: #7ACF9E;--mantine-color-green-4: #49BE7A;--mantine-color-green-5: #11AB51;--mantine-color-green-6: #0E823E;--mantine-color-green-7: #0A602E;--mantine-color-green-8: #074320;--mantine-color-green-9: #052B15;--mantine-color-yellow-0: #FFFCF0;--mantine-color-yellow-1: #FFF9D9;--mantine-color-yellow-2: #FFF098;--mantine-color-yellow-3: #FFE969;--mantine-color-yellow-4: #FFE13E;--mantine-color-yellow-5: #FFD91A;--mantine-color-yellow-6: #DBB615;--mantine-color-yellow-7: #AF8B0F;--mantine-color-yellow-8: #7D5C0B;--mantine-color-yellow-9: #403607;--mantine-color-orange-0: #FDF7F0;--mantine-color-orange-1: #FCEAD8;--mantine-color-orange-2: #F6CD97;--mantine-color-orange-3: #F3B865;--mantine-color-orange-4: #EF9F3B;--mantine-color-orange-5: #EB8117;--mantine-color-orange-6: #C66313;--mantine-color-orange-7: #9C490E;--mantine-color-orange-8: #6B330A;--mantine-color-orange-9: #3B2006;--mantine-h1-font-size: calc(1.5rem * var(--mantine-scale));--mantine-h1-line-height: 2rem;--mantine-h1-font-weight: 500;--mantine-h2-font-size: calc(1.2rem * var(--mantine-scale));--mantine-h2-line-height: 1.75rem;--mantine-h2-font-weight: 500;--mantine-h3-font-size: calc(1rem * var(--mantine-scale));--mantine-h3-line-height: 1.5rem;--mantine-h3-font-weight: 500;--mantine-h4-font-size: calc(0.875rem * var(--mantine-scale));--mantine-h4-line-height: 1.25rem;--mantine-h4-font-weight: 500;--mantine-h5-font-size: calc(0.75rem * var(--mantine-scale));--mantine-h5-line-height: 1.25rem;--mantine-h5-font-weight: 500;--mantine-h6-font-size: calc(0.625rem * var(--mantine-scale));--mantine-h6-line-height: 1rem;--mantine-h6-font-weight: 500;}:root[data-mantine-color-scheme="dark"]{--mantine-color-anchor: var(--mantine-color-green-4);--mantine-color-dark-filled: var(--mantine-color-dark-5);--mantine-color-dark-filled-hover: var(--mantine-color-dark-6);--mantine-color-dark-light: rgba(105, 105, 105, 0.15);--mantine-color-dark-light-hover: rgba(105, 105, 105, 0.2);--mantine-color-dark-light-color: var(--mantine-color-dark-0);--mantine-color-dark-outline: var(--mantine-color-dark-1);--mantine-color-dark-outline-hover: rgba(184, 184, 184, 0.05);--mantine-color-gray-filled: var(--mantine-color-gray-5);--mantine-color-gray-filled-hover: var(--mantine-color-gray-6);--mantine-color-gray-light: rgba(204, 204, 204, 0.15);--mantine-color-gray-light-hover: rgba(204, 204, 204, 0.2);--mantine-color-gray-light-color: var(--mantine-color-gray-0);--mantine-color-gray-outline: var(--mantine-color-gray-1);--mantine-color-gray-outline-hover: rgba(230, 230, 230, 0.05);--mantine-color-red-filled: var(--mantine-color-red-5);--mantine-color-red-filled-hover: var(--mantine-color-red-6);--mantine-color-red-light: rgba(240, 134, 138, 0.15);--mantine-color-red-light-hover: rgba(240, 134, 138, 0.2);--mantine-color-red-light-color: var(--mantine-color-red-0);--mantine-color-red-outline: var(--mantine-color-red-1);--mantine-color-red-outline-hover: rgba(251, 221, 222, 0.05);--mantine-color-pink-filled: var(--mantine-color-pink-5);--mantine-color-pink-filled-hover: var(--mantine-color-pink-6);--mantine-color-pink-light: rgba(250, 162, 193, 0.15);--mantine-color-pink-light-hover: rgba(250, 162, 193, 0.2);--mantine-color-pink-light-color: var(--mantine-color-pink-0);--mantine-color-pink-outline: var(--mantine-color-pink-1);--mantine-color-pink-outline-hover: rgba(255, 222, 235, 0.05);--mantine-color-grape-filled: var(--mantine-color-grape-5);--mantine-color-grape-filled-hover: var(--mantine-color-grape-6);--mantine-color-grape-light: rgba(229, 153, 247, 0.15);--mantine-color-grape-light-hover: rgba(229, 153, 247, 0.2);--mantine-color-grape-light-color: var(--mantine-color-grape-0);--mantine-color-grape-outline: var(--mantine-color-grape-1);--mantine-color-grape-outline-hover: rgba(243, 217, 250, 0.05);--mantine-color-violet-filled: var(--mantine-color-violet-5);--mantine-color-violet-filled-hover: var(--mantine-color-violet-6);--mantine-color-violet-light: rgba(177, 151, 252, 0.15);--mantine-color-violet-light-hover: rgba(177, 151, 252, 0.2);--mantine-color-violet-light-color: var(--mantine-color-violet-0);--mantine-color-violet-outline: var(--mantine-color-violet-1);--mantine-color-violet-outline-hover: rgba(229, 219, 255, 0.05);--mantine-color-indigo-filled: var(--mantine-color-indigo-5);--mantine-color-indigo-filled-hover: var(--mantine-color-indigo-6);--mantine-color-indigo-light: rgba(145, 167, 255, 0.15);--mantine-color-indigo-light-hover: rgba(145, 167, 255, 0.2);--mantine-color-indigo-light-color: var(--mantine-color-indigo-0);--mantine-color-indigo-outline: var(--mantine-color-indigo-1);--mantine-color-indigo-outline-hover: rgba(219, 228, 255, 0.05);--mantine-color-blue-filled: var(--mantine-color-blue-5);--mantine-color-blue-filled-hover: var(--mantine-color-blue-6);--mantine-color-blue-light: rgba(119, 172, 247, 0.15);--mantine-color-blue-light-hover: rgba(119, 172, 247, 0.2);--mantine-color-blue-light-color: var(--mantine-color-blue-0);--mantine-color-blue-outline: var(--mantine-color-blue-1);--mantine-color-blue-outline-hover: rgba(214, 230, 253, 0.05);--mantine-color-cyan-filled: var(--mantine-color-cyan-5);--mantine-color-cyan-filled-hover: var(--mantine-color-cyan-6);--mantine-color-cyan-light: rgba(102, 217, 232, 0.15);--mantine-color-cyan-light-hover: rgba(102, 217, 232, 0.2);--mantine-color-cyan-light-color: var(--mantine-color-cyan-0);--mantine-color-cyan-outline: var(--mantine-color-cyan-1);--mantine-color-cyan-outline-hover: rgba(197, 246, 250, 0.05);--mantine-color-teal-filled: var(--mantine-color-teal-5);--mantine-color-teal-filled-hover: var(--mantine-color-teal-6);--mantine-color-teal-light: rgba(99, 230, 190, 0.15);--mantine-color-teal-light-hover: rgba(99, 230, 190, 0.2);--mantine-color-teal-light-color: var(--mantine-color-teal-0);--mantine-color-teal-outline: var(--mantine-color-teal-1);--mantine-color-teal-outline-hover: rgba(195, 250, 232, 0.05);--mantine-color-green-filled: var(--mantine-color-green-5);--mantine-color-green-filled-hover: var(--mantine-color-green-6);--mantine-color-green-light: rgba(122, 207, 158, 0.15);--mantine-color-green-light-hover: rgba(122, 207, 158, 0.2);--mantine-color-green-light-color: var(--mantine-color-green-0);--mantine-color-green-outline: var(--mantine-color-green-1);--mantine-color-green-outline-hover: rgba(216, 241, 226, 0.05);--mantine-color-lime-filled: var(--mantine-color-lime-5);--mantine-color-lime-filled-hover: var(--mantine-color-lime-6);--mantine-color-lime-light: rgba(192, 235, 117, 0.15);--mantine-color-lime-light-hover: rgba(192, 235, 117, 0.2);--mantine-color-lime-light-color: var(--mantine-color-lime-0);--mantine-color-lime-outline: var(--mantine-color-lime-1);--mantine-color-lime-outline-hover: rgba(233, 250, 200, 0.05);--mantine-color-yellow-filled: var(--mantine-color-yellow-5);--mantine-color-yellow-filled-hover: var(--mantine-color-yellow-6);--mantine-color-yellow-light: rgba(255, 233, 105, 0.15);--mantine-color-yellow-light-hover: rgba(255, 233, 105, 0.2);--mantine-color-yellow-light-color: var(--mantine-color-yellow-0);--mantine-color-yellow-outline: var(--mantine-color-yellow-1);--mantine-color-yellow-outline-hover: rgba(255, 249, 217, 0.05);--mantine-color-orange-filled: var(--mantine-color-orange-5);--mantine-color-orange-filled-hover: var(--mantine-color-orange-6);--mantine-color-orange-light: rgba(243, 184, 101, 0.15);--mantine-color-orange-light-hover: rgba(243, 184, 101, 0.2);--mantine-color-orange-light-color: var(--mantine-color-orange-0);--mantine-color-orange-outline: var(--mantine-color-orange-1);--mantine-color-orange-outline-hover: rgba(252, 234, 216, 0.05);}:root[data-mantine-color-scheme="light"]{--mantine-color-text: #171717;--mantine-color-body: #ffffff;--mantine-color-anchor: var(--mantine-color-green-5);--mantine-color-dark-filled: var(--mantine-color-dark-5);--mantine-color-dark-filled-hover: var(--mantine-color-dark-6);--mantine-color-dark-light: rgba(59, 59, 59, 0.1);--mantine-color-dark-light-hover: rgba(59, 59, 59, 0.12);--mantine-color-dark-light-color: var(--mantine-color-dark-5);--mantine-color-dark-outline: var(--mantine-color-dark-5);--mantine-color-dark-outline-hover: rgba(59, 59, 59, 0.05);--mantine-color-gray-filled: var(--mantine-color-gray-5);--mantine-color-gray-filled-hover: var(--mantine-color-gray-6);--mantine-color-gray-light: rgba(153, 153, 153, 0.1);--mantine-color-gray-light-hover: rgba(153, 153, 153, 0.12);--mantine-color-gray-light-color: var(--mantine-color-gray-5);--mantine-color-gray-outline: var(--mantine-color-gray-5);--mantine-color-gray-outline-hover: rgba(153, 153, 153, 0.05);--mantine-color-red-filled: var(--mantine-color-red-5);--mantine-color-red-filled-hover: var(--mantine-color-red-6);--mantine-color-red-light: rgba(229, 57, 61, 0.1);--mantine-color-red-light-hover: rgba(229, 57, 61, 0.12);--mantine-color-red-light-color: var(--mantine-color-red-5);--mantine-color-red-outline: var(--mantine-color-red-5);--mantine-color-red-outline-hover: rgba(229, 57, 61, 0.05);--mantine-color-pink-filled: var(--mantine-color-pink-5);--mantine-color-pink-filled-hover: var(--mantine-color-pink-6);--mantine-color-pink-light: rgba(240, 101, 149, 0.1);--mantine-color-pink-light-hover: rgba(240, 101, 149, 0.12);--mantine-color-pink-light-color: var(--mantine-color-pink-5);--mantine-color-pink-outline: var(--mantine-color-pink-5);--mantine-color-pink-outline-hover: rgba(240, 101, 149, 0.05);--mantine-color-grape-filled: var(--mantine-color-grape-5);--mantine-color-grape-filled-hover: var(--mantine-color-grape-6);--mantine-color-grape-light: rgba(204, 93, 232, 0.1);--mantine-color-grape-light-hover: rgba(204, 93, 232, 0.12);--mantine-color-grape-light-color: var(--mantine-color-grape-5);--mantine-color-grape-outline: var(--mantine-color-grape-5);--mantine-color-grape-outline-hover: rgba(204, 93, 232, 0.05);--mantine-color-violet-filled: var(--mantine-color-violet-5);--mantine-color-violet-filled-hover: var(--mantine-color-violet-6);--mantine-color-violet-light: rgba(132, 94, 247, 0.1);--mantine-color-violet-light-hover: rgba(132, 94, 247, 0.12);--mantine-color-violet-light-color: var(--mantine-color-violet-5);--mantine-color-violet-outline: var(--mantine-color-violet-5);--mantine-color-violet-outline-hover: rgba(132, 94, 247, 0.05);--mantine-color-indigo-filled: var(--mantine-color-indigo-5);--mantine-color-indigo-filled-hover: var(--mantine-color-indigo-6);--mantine-color-indigo-light: rgba(92, 124, 250, 0.1);--mantine-color-indigo-light-hover: rgba(92, 124, 250, 0.12);--mantine-color-indigo-light-color: var(--mantine-color-indigo-5);--mantine-color-indigo-outline: var(--mantine-color-indigo-5);--mantine-color-indigo-outline-hover: rgba(92, 124, 250, 0.05);--mantine-color-blue-filled: var(--mantine-color-blue-5);--mantine-color-blue-filled-hover: var(--mantine-color-blue-6);--mantine-color-blue-light: rgba(12, 108, 242, 0.1);--mantine-color-blue-light-hover: rgba(12, 108, 242, 0.12);--mantine-color-blue-light-color: var(--mantine-color-blue-5);--mantine-color-blue-outline: var(--mantine-color-blue-5);--mantine-color-blue-outline-hover: rgba(12, 108, 242, 0.05);--mantine-color-cyan-filled: var(--mantine-color-cyan-5);--mantine-color-cyan-filled-hover: var(--mantine-color-cyan-6);--mantine-color-cyan-light: rgba(34, 184, 207, 0.1);--mantine-color-cyan-light-hover: rgba(34, 184, 207, 0.12);--mantine-color-cyan-light-color: var(--mantine-color-cyan-5);--mantine-color-cyan-outline: var(--mantine-color-cyan-5);--mantine-color-cyan-outline-hover: rgba(34, 184, 207, 0.05);--mantine-color-teal-filled: var(--mantine-color-teal-5);--mantine-color-teal-filled-hover: var(--mantine-color-teal-6);--mantine-color-teal-light: rgba(32, 201, 151, 0.1);--mantine-color-teal-light-hover: rgba(32, 201, 151, 0.12);--mantine-color-teal-light-color: var(--mantine-color-teal-5);--mantine-color-teal-outline: var(--mantine-color-teal-5);--mantine-color-teal-outline-hover: rgba(32, 201, 151, 0.05);--mantine-color-green-filled: var(--mantine-color-green-5);--mantine-color-green-filled-hover: var(--mantine-color-green-6);--mantine-color-green-light: rgba(17, 171, 81, 0.1);--mantine-color-green-light-hover: rgba(17, 171, 81, 0.12);--mantine-color-green-light-color: var(--mantine-color-green-5);--mantine-color-green-outline: var(--mantine-color-green-5);--mantine-color-green-outline-hover: rgba(17, 171, 81, 0.05);--mantine-color-lime-filled: var(--mantine-color-lime-5);--mantine-color-lime-filled-hover: var(--mantine-color-lime-6);--mantine-color-lime-light: rgba(148, 216, 45, 0.1);--mantine-color-lime-light-hover: rgba(148, 216, 45, 0.12);--mantine-color-lime-light-color: var(--mantine-color-lime-5);--mantine-color-lime-outline: var(--mantine-color-lime-5);--mantine-color-lime-outline-hover: rgba(148, 216, 45, 0.05);--mantine-color-yellow-filled: var(--mantine-color-yellow-5);--mantine-color-yellow-filled-hover: var(--mantine-color-yellow-6);--mantine-color-yellow-light: rgba(255, 217, 26, 0.1);--mantine-color-yellow-light-hover: rgba(255, 217, 26, 0.12);--mantine-color-yellow-light-color: var(--mantine-color-yellow-5);--mantine-color-yellow-outline: var(--mantine-color-yellow-5);--mantine-color-yellow-outline-hover: rgba(255, 217, 26, 0.05);--mantine-color-orange-filled: var(--mantine-color-orange-5);--mantine-color-orange-filled-hover: var(--mantine-color-orange-6);--mantine-color-orange-light: rgba(235, 129, 23, 0.1);--mantine-color-orange-light-hover: rgba(235, 129, 23, 0.12);--mantine-color-orange-light-color: var(--mantine-color-orange-5);--mantine-color-orange-outline: var(--mantine-color-orange-5);--mantine-color-orange-outline-hover: rgba(235, 129, 23, 0.05);}
    </style>
    <style
      data-mantine-styles="classes"
    >
      @media (max-width: 35.99375em) {.mantine-visible-from-xs {display: none !important;}}@media (min-width: 36em) {.mantine-hidden-from-xs {display: none !important;}}@media (max-width: 47.99375em) {.mantine-visible-from-sm {display: none !important;}}@media (min-width: 48em) {.mantine-hidden-from-sm {display: none !important;}}@media (max-width: 61.99375em) {.mantine-visible-from-md {display: none !important;}}@media (min-width: 62em) {.mantine-hidden-from-md {display: none !important;}}@media (max-width: 74.99375em) {.mantine-visible-from-lg {display: none !important;}}@media (min-width: 75em) {.mantine-hidden-from-lg {display: none !important;}}@media (max-width: 87.99375em) {.mantine-visible-from-xl {display: none !important;}}@media (min-width: 88em) {.mantine-hidden-from-xl {display: none !important;}}
    </style>
  </div>
  <div
    data-portal="true"
  >
    <div
      class="m_b37d9ac7 mantine-Notifications-root"
      data-position="top-center"
      style="--notifications-z-index: 400; --notifications-container-width: calc(27.5rem * var(--mantine-scale));"
    >
      <div />
    </div>
    <div
      class="m_b37d9ac7 mantine-Notifications-root"
      data-position="top-left"
      style="--notifications-z-index: 400; --notifications-container-width: calc(27.5rem * var(--mantine-scale));"
    >
      <div />
    </div>
    <div
      class="m_b37d9ac7 mantine-Notifications-root"
      data-position="top-right"
      style="--notifications-z-index: 400; --notifications-container-width: calc(27.5rem * var(--mantine-scale));"
    >
      <div />
    </div>
    <div
      class="m_b37d9ac7 mantine-Notifications-root"
      data-position="bottom-right"
      style="--notifications-z-index: 400; --notifications-container-width: calc(27.5rem * var(--mantine-scale));"
    >
      <div />
    </div>
    <div
      class="m_b37d9ac7 mantine-Notifications-root"
      data-position="bottom-left"
      style="--notifications-z-index: 400; --notifications-container-width: calc(27.5rem * var(--mantine-scale));"
    >
      <div />
    </div>
    <div
      class="m_b37d9ac7 mantine-Notifications-root"
      data-position="bottom-center"
      style="--notifications-z-index: 400; --notifications-container-width: calc(27.5rem * var(--mantine-scale));"
    >
      <div />
    </div>
  </div>
</body>
`;
