// Jest Snapshot v1, https://goo.gl/fbAQLP

exports[`Tasks table tests should render 1`] = `
.c0 {
  display: -webkit-box;
  display: -webkit-flex;
  display: -ms-flexbox;
  display: flex;
  -webkit-flex-direction: column;
  -ms-flex-direction: column;
  flex-direction: column;
  -webkit-box-flex: 1;
  -webkit-flex-grow: 1;
  -ms-flex-positive: 1;
  flex-grow: 1;
  -webkit-box-pack: center;
  -webkit-justify-content: center;
  -ms-flex-pack: center;
  justify-content: center;
  -webkit-align-items: stretch;
  -webkit-box-align: stretch;
  -ms-flex-align: stretch;
  align-items: stretch;
}

.c2 {
  display: -webkit-box;
  display: -webkit-flex;
  display: -ms-flexbox;
  display: flex;
  -webkit-flex-direction: row;
  -ms-flex-direction: row;
  flex-direction: row;
  -webkit-box-flex: 1;
  -webkit-flex-grow: 1;
  -ms-flex-positive: 1;
  flex-grow: 1;
  -webkit-box-pack: justify;
  -webkit-justify-content: space-between;
  -ms-flex-pack: justify;
  justify-content: space-between;
}

.c6 {
  display: -webkit-box;
  display: -webkit-flex;
  display: -ms-flexbox;
  display: flex;
  -webkit-flex-direction: row;
  -ms-flex-direction: row;
  flex-direction: row;
  -webkit-box-pack: end;
  -webkit-justify-content: flex-end;
  -ms-flex-pack: end;
  justify-content: flex-end;
  -webkit-align-items: center;
  -webkit-box-align: center;
  -ms-flex-align: center;
  align-items: center;
}

.c8 {
  display: -webkit-box;
  display: -webkit-flex;
  display: -ms-flexbox;
  display: flex;
  -webkit-flex-direction: row;
  -ms-flex-direction: row;
  flex-direction: row;
  -webkit-box-pack: start;
  -webkit-justify-content: start;
  -ms-flex-pack: start;
  justify-content: start;
  -webkit-align-items: center;
  -webkit-box-align: center;
  -ms-flex-align: center;
  align-items: center;
}

.c22 {
  display: -webkit-box;
  display: -webkit-flex;
  display: -ms-flexbox;
  display: flex;
  -webkit-flex-direction: row;
  -ms-flex-direction: row;
  flex-direction: row;
  -webkit-box-pack: center;
  -webkit-justify-content: center;
  -ms-flex-pack: center;
  justify-content: center;
}

.c24 {
  display: -webkit-box;
  display: -webkit-flex;
  display: -ms-flexbox;
  display: flex;
  -webkit-flex-direction: column;
  -ms-flex-direction: column;
  flex-direction: column;
  -webkit-box-pack: center;
  -webkit-justify-content: center;
  -ms-flex-pack: center;
  justify-content: center;
  -webkit-align-items: stretch;
  -webkit-box-align: stretch;
  -ms-flex-align: stretch;
  align-items: stretch;
}

.c25 {
  display: -webkit-box;
  display: -webkit-flex;
  display: -ms-flexbox;
  display: flex;
  -webkit-flex-direction: row;
  -ms-flex-direction: row;
  flex-direction: row;
  -webkit-box-pack: justify;
  -webkit-justify-content: space-between;
  -ms-flex-pack: justify;
  justify-content: space-between;
}

.c34 {
  display: -webkit-box;
  display: -webkit-flex;
  display: -ms-flexbox;
  display: flex;
  -webkit-flex-direction: column;
  -ms-flex-direction: column;
  flex-direction: column;
  -webkit-box-pack: center;
  -webkit-justify-content: center;
  -ms-flex-pack: center;
  justify-content: center;
}

.c35 {
  display: -webkit-box;
  display: -webkit-flex;
  display: -ms-flexbox;
  display: flex;
  -webkit-flex-direction: row;
  -ms-flex-direction: row;
  flex-direction: row;
  -webkit-box-flex: 1;
  -webkit-flex-grow: 1;
  -ms-flex-positive: 1;
  flex-grow: 1;
  -webkit-box-pack: start;
  -webkit-justify-content: start;
  -ms-flex-pack: start;
  justify-content: start;
  -webkit-align-items: center;
  -webkit-box-align: center;
  -ms-flex-align: center;
  align-items: center;
}

.c36 {
  display: -webkit-box;
  display: -webkit-flex;
  display: -ms-flexbox;
  display: flex;
  -webkit-flex-direction: row;
  -ms-flex-direction: row;
  flex-direction: row;
  -webkit-box-flex: 1;
  -webkit-flex-grow: 1;
  -ms-flex-positive: 1;
  flex-grow: 1;
  -webkit-box-pack: center;
  -webkit-justify-content: center;
  -ms-flex-pack: center;
  justify-content: center;
  -webkit-align-items: center;
  -webkit-box-align: center;
  -ms-flex-align: center;
  align-items: center;
}

.c45 {
  display: -webkit-box;
  display: -webkit-flex;
  display: -ms-flexbox;
  display: flex;
  -webkit-flex-direction: row;
  -ms-flex-direction: row;
  flex-direction: row;
  -webkit-box-pack: center;
  -webkit-justify-content: center;
  -ms-flex-pack: center;
  justify-content: center;
  -webkit-align-items: center;
  -webkit-box-align: center;
  -ms-flex-align: center;
  align-items: center;
}

.c27 {
  display: -webkit-inline-box;
  display: -webkit-inline-flex;
  display: -ms-inline-flexbox;
  display: inline-flex;
}

.c10 {
  margin-left: -5px;
}

.c10 > * {
  display: -webkit-inline-box;
  display: -webkit-inline-flex;
  display: -ms-inline-flexbox;
  display: inline-flex;
}

.c10 > * {
  margin-left: 5px;
}

.c9 {
  display: -webkit-inline-box;
  display: -webkit-inline-flex;
  display: -ms-inline-flexbox;
  display: inline-flex;
}

.c3 {
  cursor: pointer;
}

.c11 svg path {
  fill: #bfbfbf;
}

.c4 {
  height: 16px;
  width: 16px;
  line-height: 16px;
}

.c4 * {
  height: inherit;
  width: inherit;
}

.c46 {
  background-color: transparent;
  border: none;
  cursor: pointer;
  display: -webkit-box;
  display: -webkit-flex;
  display: -ms-flexbox;
  display: flex;
  -webkit-align-items: center;
  -webkit-box-align: center;
  -ms-flex-align: center;
  align-items: center;
  -webkit-box-pack: center;
  -webkit-justify-content: center;
  -ms-flex-pack: center;
  justify-content: center;
  outline: none;
  margin: 1px;
  -webkit-user-select: none;
  -moz-user-select: none;
  -ms-user-select: none;
  user-select: none;
  cursor: pointer;
}

.c47 {
  height: 16px;
  width: 16px;
  line-height: 16px;
}

.c47 * {
  height: inherit;
  width: inherit;
}

.c42 {
  border: 1px solid #bfbfbf;
  border-radius: 2px;
  display: -webkit-box;
  display: -webkit-flex;
  display: -ms-flexbox;
  display: flex;
  -webkit-flex-direction: row;
  -ms-flex-direction: row;
  flex-direction: row;
  -webkit-align-items: stretch;
  -webkit-box-align: stretch;
  -ms-flex-align: stretch;
  align-items: stretch;
  -webkit-box-flex: 1;
  -webkit-flex-grow: 1;
  -ms-flex-positive: 1;
  flex-grow: 1;
  padding: 1px 5px;
  background-color: #fff;
  color: #000;
  font-weight: normal;
}

.c41 {
  display: -webkit-box;
  display: -webkit-flex;
  display: -ms-flexbox;
  display: flex;
  -webkit-flex-direction: column;
  -ms-flex-direction: column;
  flex-direction: column;
  position: relative;
  width: 180px;
}

.c43 {
  display: -webkit-box;
  display: -webkit-flex;
  display: -ms-flexbox;
  display: flex;
  -webkit-align-items: center;
  -webkit-box-align: center;
  -ms-flex-align: center;
  align-items: center;
  -webkit-box-flex: 1;
  -webkit-flex-grow: 1;
  -ms-flex-positive: 1;
  flex-grow: 1;
  word-break: keep-all;
  white-space: nowrap;
  overflow: hidden;
  cursor: pointer;
}

.c48 {
  color: #c12c30;
  font-weight: bold;
  font-size: 19px;
  padding-bottom: 1px;
  padding-left: 4px;
  display: none;
}

.c44 {
  cursor: default;
}

.c40 {
  display: -webkit-box;
  display: -webkit-flex;
  display: -ms-flexbox;
  display: flex;
}

.c13 {
  border: 0;
  border-spacing: 0px;
  font-size: 12px;
  text-align: left;
  table-layout: auto;
  width: 100%;
}

.c14 th,
.c14 td {
  padding: 4px 10px;
  border-bottom: 1px solid #e5e5e5;
}

.c14 tfoot tr {
  background: #fff;
}

.c14 tfoot tr td {
  border-bottom: 1px solid #e5e5e5;
}

.c16 a {
  -webkit-text-decoration: none;
  text-decoration: none;
  color: #000;
}

.c16 a:hover {
  -webkit-text-decoration: underline;
  text-decoration: underline;
  color: #000;
}

.c17 {
  background-color: #fff;
  color: #000;
  border-top: 1px solid #e5e5e5;
  font-weight: bold;
  width: 41%;
}

.c18 {
  background-color: #fff;
  color: #000;
  border-top: 1px solid #e5e5e5;
  font-weight: bold;
  width: 8%;
}

.c19 {
  background-color: #fff;
  color: #000;
  border-top: 1px solid #e5e5e5;
  font-weight: bold;
  width: 6%;
}

.c20 {
  background-color: #fff;
  color: #000;
  border-top: 1px solid #e5e5e5;
  font-weight: bold;
  width: 24%;
}

.c21 {
  background-color: #fff;
  color: #000;
  border-top: 1px solid #e5e5e5;
  font-weight: bold;
  width: 5%;
}

.c23 {
  background-color: #fff;
  color: #000;
  border-top: 1px solid #e5e5e5;
  font-weight: bold;
  width: 10em;
}

.c49 {
  font-size: 10px;
  color: #7F7F7F;
  text-align: left;
}

.c12 {
  margin: 0 3px;
}

.c7 {
  margin: 2px 3px;
}

.c15 {
  opacity: 1.0;
}

.c5 {
  margin-top: 2px;
  margin-left: 2px;
}

.c1 {
  margin-top: 20px;
}

.c26 {
  cursor: pointer;
  -webkit-text-decoration: none;
  text-decoration: none;
  color: #0a53b8;
}

.c26:hover {
  -webkit-text-decoration: underline;
  text-decoration: underline;
  color: #0a53b8;
}

.c29 {
  height: 13px;
  box-sizing: content-box;
  display: inline-block;
  width: 100px;
  background: #4C4C4C;
  vertical-align: middle;
  text-align: center;
}

.c31 {
  z-index: 1;
  font-weight: bold;
  color: #fff;
  font-size: 9px;
  margin: 0;
  position: relative;
  top: -13px;
  padding-top: 1px;
}

.c30 {
  height: 13px;
  width: 100%;
  background: #4f91c7;
}

.c33 {
  height: 13px;
  width: 50%;
  background: #f0a519;
}

.c37 {
  height: 13px;
  width: 100%;
  background: #99be48;
}

.c38 {
  height: 13px;
  width: 0%;
  background: #70c000;
}

.c39 {
  height: 13px;
  width: 100%;
  background: #c83814;
}

.c32 {
  white-space: nowrap;
}

.c28:hover {
  -webkit-text-decoration: none;
  text-decoration: none;
}

@media print {
  .c3 {
    display: none;
  }
}

@media print {

}

@media print {

}

@media print {
  .c13 {
    border-collapse: collapse;
  }
}

@media screen {
  .c14 > tbody:nth-of-type(even),
  .c14 > tbody:only-of-type > tr:nth-of-type(even) {
    background: #f3f3f3;
  }

  .c14 > tbody:not(:only-of-type):hover,
  .c14 > tbody:only-of-type > tr:hover {
    background: #e5e5e5;
  }
}

@media print {
  .c16 {
    border-bottom: 1px solid black;
  }

  .c16 a,
  .c16 a:hover {
    -webkit-text-decoration: none;
    text-decoration: none;
    color: #000;
  }
}

@media print {
  .c17 {
    color: #000;
    font-size: 1.2em;
    background-color: transparent;
    font-weight: bold;
  }
}

@media print {
  .c18 {
    color: #000;
    font-size: 1.2em;
    background-color: transparent;
    font-weight: bold;
  }
}

@media print {
  .c19 {
    color: #000;
    font-size: 1.2em;
    background-color: transparent;
    font-weight: bold;
  }
}

@media print {
  .c20 {
    color: #000;
    font-size: 1.2em;
    background-color: transparent;
    font-weight: bold;
  }
}

@media print {
  .c21 {
    color: #000;
    font-size: 1.2em;
    background-color: transparent;
    font-weight: bold;
  }
}

@media print {
  .c23 {
    color: #000;
    font-size: 1.2em;
    background-color: transparent;
    font-weight: bold;
  }
}

@media print {
  .c7 svg {
    display: none;
  }
}

@media print {
  .c26 {
    color: #000;
  }
}

@media print {
  .c29 {
    background: none;
    border: 0;
  }
}

@media print {
  .c31 {
    color: black;
  }
}

@media print {
  .c30 {
    background: none;
  }
}

@media print {
  .c33 {
    background: none;
  }
}

@media print {
  .c37 {
    background: none;
  }
}

@media print {
  .c38 {
    background: none;
  }
}

@media print {
  .c39 {
    background: none;
  }
}

<body>
  <div
    id="portals"
  />
  <div>
    <div
      class="c0 c1 entities-table"
    >
      <div
        class="c2"
      >
        <span
          class="c3 c4 c5"
          data-testid="svg-icon"
          title="Unfold all details"
        >
          <svg
            title="Unfold all details"
          >
            fold.svg
          </svg>
        </span>
        <div
          class="c6 c7"
        >
          <div
            class="c8 c9"
          >
            <div
              class="c8 c10"
            >
              <span
                class="c11 c4"
                data-testid="svg-icon"
                title="First"
              >
                <svg
                  title="First"
                >
                  first.svg
                </svg>
              </span>
              <span
                class="c11 c4"
                data-testid="svg-icon"
                title="Previous"
              >
                <svg
                  title="Previous"
                >
                  previous.svg
                </svg>
              </span>
            </div>
          </div>
          <span
            class="c12"
          >
            1 - 1 of 1
          </span>
          <div
            class="c8 c9"
          >
            <div
              class="c8 c10"
            >
              <span
                class="c11 c4"
                data-testid="svg-icon"
                title="Next"
              >
                <svg
                  title="Next"
                >
                  next.svg
                </svg>
              </span>
              <span
                class="c11 c4"
                data-testid="svg-icon"
                title="Last"
              >
                <svg
                  title="Last"
                >
                  last.svg
                </svg>
              </span>
            </div>
          </div>
        </div>
      </div>
      <table
        class="c13 c14 c15"
      >
        <thead
          class="c16"
        >
          <tr>
            <th
              class="c17"
            >
              <div
                class="c8"
              >
                Name
              </div>
            </th>
            <th
              class="c18"
            >
              <div
                class="c8"
              >
                Status
              </div>
            </th>
            <th
              class="c19"
            >
              <div
                class="c8"
              >
                Reports
              </div>
            </th>
            <th
              class="c20"
            >
              <div
                class="c8"
              >
                Last Report
              </div>
            </th>
            <th
              class="c18"
            >
              <div
                class="c8"
              >
                Severity
              </div>
            </th>
            <th
              class="c21"
            >
              <div
                class="c22"
              >
                Trend
              </div>
            </th>
            <th
              class="c23"
            >
              <div
                class="c22"
              >
                Actions
              </div>
            </th>
          </tr>
        </thead>
        <tbody
          class=""
        >
          <tr>
            <td>
              <div
                class="c24"
              >
                <div
                  class="c25"
                >
                  <span
                    class="c26"
                    name="1234"
                  >
                    foo
                  </span>
                  <div
                    class="c8 c9"
                  >
                    <div
                      class="c8 c10"
                    />
                  </div>
                </div>
                <div
                  class="comment"
                >
                  (
                  bar
                  )
                </div>
              </div>
            </td>
            <td>
              <div
                class="c24"
              >
                <a
                  class="c27 c28"
                  data-testid="details-link"
                  href="/report/1234"
                >
                  <div
                    class="c29"
                    data-testid="progressbar-box"
                    title="Done"
                  >
                    <div
                      background="low"
                      class="c30"
                      data-testid="progress"
                    />
                    <div
                      class="c31"
                    >
                      <span
                        class="c32"
                      >
                        Done
                      </span>
                    </div>
                  </div>
                </a>
              </div>
            </td>
            <td>
              <div
                class="c24"
              >
                <div
                  class="c8"
                >
                  <a
                    class="c27"
                    href="/reports?filter=task_id%3D1234%20sort-reverse%3Ddate"
                    title="View list of all reports for Task foo, including unfinished ones"
                  >
                    1
                  </a>
                </div>
              </div>
            </td>
            <td>
              <div
                class="c24"
              >
                <span>
                  <a
                    class="c27"
                    data-testid="details-link"
                    href="/report/1234"
                  >
                    Sat, Aug 10, 2019 2:51 PM CEST
                  </a>
                </span>
              </div>
            </td>
            <td>
              <div
                class="c24"
              >
                <div
                  class="c29"
                  data-testid="progressbar-box"
                  title="Medium"
                >
                  <div
                    background="warn"
                    class="c33"
                    data-testid="progress"
                  />
                  <div
                    class="c31"
                  >
                    5.0 (Medium)
                  </div>
                </div>
              </div>
            </td>
            <td>
              <div
                class="c34"
              >
                <span />
              </div>
            </td>
            <td>
              <div
                class="c0"
              >
                <div
                  class="c35 c9"
                >
                  <div
                    class="c36 c10"
                  >
                    <span
                      class="c3 c4"
                      data-testid="svg-icon"
                      title="Start"
                    >
                      <svg
                        title="Start"
                      >
                        start.svg
                      </svg>
                    </span>
                    <span
                      alt="Resume"
                      class="c11 c4"
                      data-testid="svg-icon"
                      title="Task is not stopped"
                    >
                      <svg
                        title="Task is not stopped"
                      >
                        resume.svg
                      </svg>
                    </span>
                    <span
                      class="c3 c4"
                      data-testid="svg-icon"
                      title="Move Task to trashcan"
                    >
                      <svg
                        title="Move Task to trashcan"
                      >
                        trashcan.svg
                      </svg>
                    </span>
                    <span
                      class="c3 c4"
                      data-testid="svg-icon"
                      title="Edit Task"
                    >
                      <svg
                        title="Edit Task"
                      >
                        edit.svg
                      </svg>
                    </span>
                    <span
                      class="c3 c4"
                      data-testid="svg-icon"
                      title="Clone Task"
                    >
                      <svg
                        title="Clone Task"
                      >
                        clone.svg
                      </svg>
                    </span>
                    <span
                      class="c3 c4"
                      data-testid="svg-icon"
                      title="Export Task"
                    >
                      <svg
                        title="Export Task"
                      >
                        export.svg
                      </svg>
                    </span>
                  </div>
                </div>
              </div>
            </td>
          </tr>
          <tr>
            <td>
              <div
                class="c24"
              >
                <div
                  class="c25"
                >
                  <span
                    class="c26"
                    name="12345"
                  >
                    lorem
                  </span>
                  <div
                    class="c8 c9"
                  >
                    <div
                      class="c8 c10"
                    >
                      <span
                        alt="Task owned by user"
                        class="c4"
                        data-testid="svg-icon"
                        title="Task owned by user"
                      >
                        <svg
                          title="Task owned by user"
                        >
                          view_other.svg
                        </svg>
                      </span>
                    </div>
                  </div>
                </div>
                <div
                  class="comment"
                >
                  (
                  ipsum
                  )
                </div>
              </div>
            </td>
            <td>
              <div
                class="c24"
              >
                <span
                  class="c27 c28"
                >
                  <div
                    class="c29"
                    data-testid="progressbar-box"
                    title="New"
                  >
                    <div
                      background="new"
                      class="c37"
                      data-testid="progress"
                    />
                    <div
                      class="c31"
                    >
                      <span
                        class="c32"
                      >
                        New
                      </span>
                    </div>
                  </div>
                </span>
              </div>
            </td>
            <td>
              <div
                class="c24"
              />
            </td>
            <td>
              <div
                class="c24"
              />
            </td>
            <td>
              <div
                class="c24"
              />
            </td>
            <td>
              <div
                class="c34"
              >
                <span />
              </div>
            </td>
            <td>
              <div
                class="c0"
              >
                <div
                  class="c35 c9"
                >
                  <div
                    class="c36 c10"
                  >
                    <span
                      class="c3 c4"
                      data-testid="svg-icon"
                      title="Start"
                    >
                      <svg
                        title="Start"
                      >
                        start.svg
                      </svg>
                    </span>
                    <span
                      alt="Resume"
                      class="c11 c4"
                      data-testid="svg-icon"
                      title="Task is not stopped"
                    >
                      <svg
                        title="Task is not stopped"
                      >
                        resume.svg
                      </svg>
                    </span>
                    <span
                      class="c3 c4"
                      data-testid="svg-icon"
                      title="Move Task to trashcan"
                    >
                      <svg
                        title="Move Task to trashcan"
                      >
                        trashcan.svg
                      </svg>
                    </span>
                    <span
                      class="c3 c4"
                      data-testid="svg-icon"
                      title="Edit Task"
                    >
                      <svg
                        title="Edit Task"
                      >
                        edit.svg
                      </svg>
                    </span>
                    <span
                      class="c3 c4"
                      data-testid="svg-icon"
                      title="Clone Task"
                    >
                      <svg
                        title="Clone Task"
                      >
                        clone.svg
                      </svg>
                    </span>
                    <span
                      class="c3 c4"
                      data-testid="svg-icon"
                      title="Export Task"
                    >
                      <svg
                        title="Export Task"
                      >
                        export.svg
                      </svg>
                    </span>
                  </div>
                </div>
              </div>
            </td>
          </tr>
          <tr>
            <td>
              <div
                class="c24"
              >
                <div
                  class="c25"
                >
                  <span
                    class="c26"
                    name="123456"
                  >
                    hello
                  </span>
                  <div
                    class="c8 c9"
                  >
                    <div
                      class="c8 c10"
                    >
                      <span
                        alt="Task owned by user"
                        class="c4"
                        data-testid="svg-icon"
                        title="Task owned by user"
                      >
                        <svg
                          title="Task owned by user"
                        >
                          view_other.svg
                        </svg>
                      </span>
                    </div>
                  </div>
                </div>
                <div
                  class="comment"
                >
                  (
                  world
                  )
                </div>
              </div>
            </td>
            <td>
              <div
                class="c24"
              >
                <a
                  class="c27 c28"
                  data-testid="details-link"
                  href="/report/5678"
                >
                  <div
                    class="c29"
                    data-testid="progressbar-box"
                    title="Running"
                  >
                    <div
                      background="run"
                      class="c38"
                      data-testid="progress"
                    />
                    <div
                      class="c31"
                    >
                      <span
                        class="c32"
                      >
                        0 %
                      </span>
                    </div>
                  </div>
                </a>
              </div>
            </td>
            <td>
              <div
                class="c24"
              >
                <div
                  class="c8"
                >
                  <a
                    class="c27"
                    href="/reports?filter=task_id%3D123456%20sort-reverse%3Ddate"
                    title="View list of all reports for Task hello, including unfinished ones"
                  >
                    2
                  </a>
                </div>
              </div>
            </td>
            <td>
              <div
                class="c24"
              >
                <span>
                  <a
                    class="c27"
                    data-testid="details-link"
                    href="/report/1234"
                  >
                    Wed, Jul 10, 2019 2:51 PM CEST
                  </a>
                </span>
              </div>
            </td>
            <td>
              <div
                class="c24"
              >
                <div
                  class="c29"
                  data-testid="progressbar-box"
                  title="High"
                >
                  <div
                    background="error"
                    class="c39"
                    data-testid="progress"
                  />
                  <div
                    class="c31"
                  >
                    10.0 (High)
                  </div>
                </div>
              </div>
            </td>
            <td>
              <div
                class="c34"
              >
                <span />
              </div>
            </td>
            <td>
              <div
                class="c0"
              >
                <div
                  class="c35 c9"
                >
                  <div
                    class="c36 c10"
                  >
                    <span
                      class="c3 c4"
                      data-testid="svg-icon"
                      title="Stop"
                    >
                      <svg
                        title="Stop"
                      >
                        stop.svg
                      </svg>
                    </span>
                    <span
                      alt="Resume"
                      class="c11 c4"
                      data-testid="svg-icon"
                      title="Task is not stopped"
                    >
                      <svg
                        title="Task is not stopped"
                      >
                        resume.svg
                      </svg>
                    </span>
                    <span
                      class="c3 c4"
                      data-testid="svg-icon"
                      title="Move Task to trashcan"
                    >
                      <svg
                        title="Move Task to trashcan"
                      >
                        trashcan.svg
                      </svg>
                    </span>
                    <span
                      class="c3 c4"
                      data-testid="svg-icon"
                      title="Edit Task"
                    >
                      <svg
                        title="Edit Task"
                      >
                        edit.svg
                      </svg>
                    </span>
                    <span
                      class="c3 c4"
                      data-testid="svg-icon"
                      title="Clone Task"
                    >
                      <svg
                        title="Clone Task"
                      >
                        clone.svg
                      </svg>
                    </span>
                    <span
                      class="c3 c4"
                      data-testid="svg-icon"
                      title="Export Task"
                    >
                      <svg
                        title="Export Task"
                      >
                        export.svg
                      </svg>
                    </span>
                  </div>
                </div>
              </div>
            </td>
          </tr>
        </tbody>
        <tfoot>
          <tr>
            <td
              colspan="10"
            >
              <div
                class="c6"
              >
                <div
                  class="c8 c9"
                >
                  <div
                    class="c8 c10"
                  >
                    <div
                      aria-expanded="false"
                      aria-haspopup="listbox"
                      aria-labelledby="downshift-0-label"
                      class="c40"
                      role="combobox"
                    >
                      <div
                        class="c41"
                        width="180px"
                      >
                        <div
                          aria-haspopup="true"
                          aria-label="open menu"
                          class="c42"
                          data-toggle="true"
                          role="button"
                          type="button"
                        >
                          <div
                            class="c43 c44"
                            data-testid="select-selected-value"
                          />
                          <div
                            class="c45"
                          >
                            <span
                              class="c46 c47"
                              data-testid="select-open-button"
                            >
                              ▼
                            </span>
                          </div>
                        </div>
                      </div>
                      <div
                        class="c48"
                        data-testid="error-marker"
                      >
                        ×
                      </div>
                    </div>
                    <div
                      class="c8 c9"
                    >
                      <div
                        class="c8 c10"
                      >
                        <span
                          class="c4"
                          data-testid="svg-icon"
                        >
                          <svg>
                            tags.svg
                          </svg>
                        </span>
                        <span
                          class="c4"
                          data-testid="svg-icon"
                        >
                          <svg>
                            trashcan.svg
                          </svg>
                        </span>
                        <span
                          class="c4"
                          data-testid="svg-icon"
                        >
                          <svg>
                            export.svg
                          </svg>
                        </span>
                      </div>
                    </div>
                  </div>
                </div>
              </div>
            </td>
          </tr>
        </tfoot>
      </table>
      <div
        class="c25"
      >
        <div
          class="c8 c49"
        >
          (Applied filter: rows=2)
        </div>
        <div
          class="c6 c7"
        >
          <div
            class="c8 c9"
          >
            <div
              class="c8 c10"
            >
              <span
                class="c11 c4"
                data-testid="svg-icon"
                title="First"
              >
                <svg
                  title="First"
                >
                  first.svg
                </svg>
              </span>
              <span
                class="c11 c4"
                data-testid="svg-icon"
                title="Previous"
              >
                <svg
                  title="Previous"
                >
                  previous.svg
                </svg>
              </span>
            </div>
          </div>
          <span
            class="c12"
          >
            1 - 1 of 1
          </span>
          <div
            class="c8 c9"
          >
            <div
              class="c8 c10"
            >
              <span
                class="c11 c4"
                data-testid="svg-icon"
                title="Next"
              >
                <svg
                  title="Next"
                >
                  next.svg
                </svg>
              </span>
              <span
                class="c11 c4"
                data-testid="svg-icon"
                title="Last"
              >
                <svg
                  title="Last"
                >
                  last.svg
                </svg>
              </span>
            </div>
          </div>
        </div>
      </div>
    </div>
  </div>
</body>
`;
