// Jest Snapshot v1, https://goo.gl/fbAQLP

exports[`Loading component tests should render 1`] = `
.c0 {
  display: -webkit-box;
  display: -webkit-flex;
  display: -ms-flexbox;
  display: flex;
  -webkit-flex-direction: row;
  -ms-flex-direction: row;
  flex-direction: row;
  -webkit-box-pack: center;
  -webkit-justify-content: center;
  -ms-flex-pack: center;
  justify-content: center;
  -webkit-align-items: center;
  -webkit-box-align: center;
  -ms-flex-align: center;
  align-items: center;
}

.c2 {
  width: 80px;
  height: 80px;
  margin: 40px auto;
  background-image: url(greenbone.svg);
  background-size: 90%;
  background-position: center;
  background-repeat: no-repeat;
  -webkit-animation: hGzRiT 2s infinite ease-in-out;
  animation: hGzRiT 2s infinite ease-in-out;
}

.c1 {
  width: 100%;
}

<div
  class="c0 c1"
  data-testid="loading"
>
  <div
    class="c2"
  />
</div>
`;
